<?xml version="1.0" encoding="UTF-8"?>
<testsuites name="jest tests" tests="6" failures="0" errors="0" time="4.965">
  <testsuite name="User Service" errors="0" failures="0" skipped="0" timestamp="2025-10-11T19:40:28" time="1.291" tests="2">
    <testcase classname="User Service should hash password correctly" name="User Service should hash password correctly" time="0.017">
    </testcase>
    <testcase classname="User Service should verify password correctly" name="User Service should verify password correctly" time="0.003">
    </testcase>
  </testsuite>
  <testsuite name="JWT Token Functions" errors="0" failures="0" skipped="0" timestamp="2025-10-11T19:40:28" time="1.483" tests="3">
    <testcase classname="JWT Token Functions should generate a valid JWT token" name="JWT Token Functions should generate a valid JWT token" time="0.028">
    </testcase>
    <testcase classname="JWT Token Functions should verify token and return the correct payload" name="JWT Token Functions should verify token and return the correct payload" time="0.005">
    </testcase>
    <testcase classname="JWT Token Functions should throw error if token is invalid" name="JWT Token Functions should throw error if token is invalid" time="0.017">
    </testcase>
  </testsuite>
  <testsuite name="Test Database Connection" errors="0" failures="0" skipped="0" timestamp="2025-10-11T19:40:28" time="4.011" tests="1">
    <testcase classname="Test Database Connection should Database Get Connected" name="Test Database Connection should Database Get Connected" time="2.137">
    </testcase>
  </testsuite>
</testsuites>